
! pdflatex: security risk: running with elevated privileges

! Sorry, but C:\Users\Usuario\AppData\Local\Programs\MiKTeX\miktex\bin\x64\pdflatex.exe did not succeed.

! The log file hopefully contains the information to get MiKTeX going again:

!   C:\Users\Usuario\AppData\Local\MiKTeX\miktex\log\pdflatex.log
